============================= test session starts =============================
platform win32 -- Python 3.13.12, pytest-9.0.2, pluggy-1.6.0
rootdir: C:\Intership\Web Push Notifications
collected 0 items / 1 error

=================================== ERRORS ====================================
_________________ ERROR collecting producer/test_producer.py __________________
ImportError while importing test module 'C:\Intership\Web Push Notifications\producer\test_producer.py'.
Hint: make sure your test modules/packages have valid Python names.
Traceback:
C:\Program Files\WindowsApps\PythonSoftwareFoundation.Python.3.13_3.13.3312.0_x64__qbz5n2kfra8p0\Lib\importlib\__init__.py:88: in import_module
    return _bootstrap._gcd_import(name[level:], package, level)
           ^^^^^^^^^^^^^^^^^^^^^^^^^^^^^^^^^^^^^^^^^^^^^^^^^^^^
producer\test_producer.py:3: in <module>
    from producer import create_app
producer\producer.py:19: in <module>
    from routes import api, get_network_ip
producer\routes.py:3: in <module>
    from services import (
producer\services.py:9: in <module>
    from pywebpush import webpush, WebPushException
.venv\Lib\site-packages\pywebpush\__init__.py:20: in <module>
    import http_ece
.venv\Lib\site-packages\http_ece\__init__.py:5: in <module>
    from cryptography.exceptions import InvalidTag
.venv\Lib\site-packages\cryptography\exceptions.py:9: in <module>
    from cryptography.hazmat.bindings._rust import exceptions as rust_exceptions
E   ImportError: cannot import name 'exceptions' from 'cryptography.hazmat.bindings._rust' (unknown location)
=========================== short test summary info ===========================
ERROR producer/test_producer.py
!!!!!!!!!!!!!!!!!!! Interrupted: 1 error during collection !!!!!!!!!!!!!!!!!!!!
============================== 1 error in 1.67s ===============================
